// Jest Snapshot v1, https://goo.gl/fbAQLP

exports[`Booking Should render correctly 1`] = `
{
  "asFragment": [Function],
  "baseElement": <body>
    <div>
      <main
        class="sc-gtsqUy eStAWW"
      >
        <div
          class="sc-bdnyFh bpfZjm"
          type="horizontal"
        >
          <h2
            class="sc-dlniIP kjGsqR"
          >
            List Booking
          </h2>
          <button
            class="sc-eCAqax iNUTro"
            variations="primary"
          >
            Add booking
          </button>
        </div>
        <div
          class="sc-bdnyFh iucOVv"
          type="vertical"
        >
          <div
            class="sc-hKFymg frjaax"
          >
            <input
              class="sc-iemXqs HAzOF"
              placeholder="Search by name..."
            />
          </div>
          <div
            class="sc-bYwyHq csuXEL"
          />
        </div>
      </main>
    </div>
  </body>,
  "container": <div>
    <main
      class="sc-gtsqUy eStAWW"
    >
      <div
        class="sc-bdnyFh bpfZjm"
        type="horizontal"
      >
        <h2
          class="sc-dlniIP kjGsqR"
        >
          List Booking
        </h2>
        <button
          class="sc-eCAqax iNUTro"
          variations="primary"
        >
          Add booking
        </button>
      </div>
      <div
        class="sc-bdnyFh iucOVv"
        type="vertical"
      >
        <div
          class="sc-hKFymg frjaax"
        >
          <input
            class="sc-iemXqs HAzOF"
            placeholder="Search by name..."
          />
        </div>
        <div
          class="sc-bYwyHq csuXEL"
        />
      </div>
    </main>
  </div>,
  "debug": [Function],
  "findAllByAltText": [Function],
  "findAllByDisplayValue": [Function],
  "findAllByLabelText": [Function],
  "findAllByPlaceholderText": [Function],
  "findAllByRole": [Function],
  "findAllByTestId": [Function],
  "findAllByText": [Function],
  "findAllByTitle": [Function],
  "findByAltText": [Function],
  "findByDisplayValue": [Function],
  "findByLabelText": [Function],
  "findByPlaceholderText": [Function],
  "findByRole": [Function],
  "findByTestId": [Function],
  "findByText": [Function],
  "findByTitle": [Function],
  "getAllByAltText": [Function],
  "getAllByDisplayValue": [Function],
  "getAllByLabelText": [Function],
  "getAllByPlaceholderText": [Function],
  "getAllByRole": [Function],
  "getAllByTestId": [Function],
  "getAllByText": [Function],
  "getAllByTitle": [Function],
  "getByAltText": [Function],
  "getByDisplayValue": [Function],
  "getByLabelText": [Function],
  "getByPlaceholderText": [Function],
  "getByRole": [Function],
  "getByTestId": [Function],
  "getByText": [Function],
  "getByTitle": [Function],
  "queryAllByAltText": [Function],
  "queryAllByDisplayValue": [Function],
  "queryAllByLabelText": [Function],
  "queryAllByPlaceholderText": [Function],
  "queryAllByRole": [Function],
  "queryAllByTestId": [Function],
  "queryAllByText": [Function],
  "queryAllByTitle": [Function],
  "queryByAltText": [Function],
  "queryByDisplayValue": [Function],
  "queryByLabelText": [Function],
  "queryByPlaceholderText": [Function],
  "queryByRole": [Function],
  "queryByTestId": [Function],
  "queryByText": [Function],
  "queryByTitle": [Function],
  "rerender": [Function],
  "unmount": [Function],
}
`;
