// Jest Snapshot v1, https://goo.gl/fbAQLP

exports[`AccountPasswordForm Should render correctly 1`] = `
{
  "asFragment": [Function],
  "baseElement": <body>
    <div>
      <form
        class="sc-dlniIP bCPNqw"
      >
        <div
          class="sc-eCAqax dgDilB"
          direction="horizontal"
        >
          <label
            class="sc-jSFipO cMYxin"
          >
            Password:
          </label>
          <div>
            <input
              class="sc-bdnyFh gXSWSo"
              id="password"
              name="password"
              type="password"
            />
          </div>
        </div>
        <div
          class="sc-eCAqax dgDilB"
          direction="horizontal"
        >
          <label
            class="sc-jSFipO cMYxin"
          >
            Confirm Password:
          </label>
          <div>
            <input
              class="sc-bdnyFh gXSWSo"
              id="confirmPassword"
              name="confirmPassword"
              type="password"
            />
          </div>
        </div>
        <div
          class="sc-hKFymg dteuGK"
        >
          <button
            class="sc-gtsqUy sc-iCoHzw iXmfC cwhbgM"
            name="submit"
            type="submit"
            variations="primary"
          >
            Update password
          </button>
        </div>
      </form>
    </div>
  </body>,
  "container": <div>
    <form
      class="sc-dlniIP bCPNqw"
    >
      <div
        class="sc-eCAqax dgDilB"
        direction="horizontal"
      >
        <label
          class="sc-jSFipO cMYxin"
        >
          Password:
        </label>
        <div>
          <input
            class="sc-bdnyFh gXSWSo"
            id="password"
            name="password"
            type="password"
          />
        </div>
      </div>
      <div
        class="sc-eCAqax dgDilB"
        direction="horizontal"
      >
        <label
          class="sc-jSFipO cMYxin"
        >
          Confirm Password:
        </label>
        <div>
          <input
            class="sc-bdnyFh gXSWSo"
            id="confirmPassword"
            name="confirmPassword"
            type="password"
          />
        </div>
      </div>
      <div
        class="sc-hKFymg dteuGK"
      >
        <button
          class="sc-gtsqUy sc-iCoHzw iXmfC cwhbgM"
          name="submit"
          type="submit"
          variations="primary"
        >
          Update password
        </button>
      </div>
    </form>
  </div>,
  "debug": [Function],
  "findAllByAltText": [Function],
  "findAllByDisplayValue": [Function],
  "findAllByLabelText": [Function],
  "findAllByPlaceholderText": [Function],
  "findAllByRole": [Function],
  "findAllByTestId": [Function],
  "findAllByText": [Function],
  "findAllByTitle": [Function],
  "findByAltText": [Function],
  "findByDisplayValue": [Function],
  "findByLabelText": [Function],
  "findByPlaceholderText": [Function],
  "findByRole": [Function],
  "findByTestId": [Function],
  "findByText": [Function],
  "findByTitle": [Function],
  "getAllByAltText": [Function],
  "getAllByDisplayValue": [Function],
  "getAllByLabelText": [Function],
  "getAllByPlaceholderText": [Function],
  "getAllByRole": [Function],
  "getAllByTestId": [Function],
  "getAllByText": [Function],
  "getAllByTitle": [Function],
  "getByAltText": [Function],
  "getByDisplayValue": [Function],
  "getByLabelText": [Function],
  "getByPlaceholderText": [Function],
  "getByRole": [Function],
  "getByTestId": [Function],
  "getByText": [Function],
  "getByTitle": [Function],
  "queryAllByAltText": [Function],
  "queryAllByDisplayValue": [Function],
  "queryAllByLabelText": [Function],
  "queryAllByPlaceholderText": [Function],
  "queryAllByRole": [Function],
  "queryAllByTestId": [Function],
  "queryAllByText": [Function],
  "queryAllByTitle": [Function],
  "queryByAltText": [Function],
  "queryByDisplayValue": [Function],
  "queryByLabelText": [Function],
  "queryByPlaceholderText": [Function],
  "queryByRole": [Function],
  "queryByTestId": [Function],
  "queryByText": [Function],
  "queryByTitle": [Function],
  "rerender": [Function],
  "unmount": [Function],
}
`;
