// Jest Snapshot v1, https://goo.gl/fbAQLP

exports[`Account Should render correctly 1`] = `
{
  "asFragment": [Function],
  "baseElement": <body>
    <div>
      <div
        class="sc-dlniIP jaPwYJ"
      >
        <h2
          class="sc-bdnyFh gafMEQ"
        >
          Update account
        </h2>
        <div
          class="sc-hKFymg iUYoZl"
        >
          <h3
            class="sc-gtsqUy fkdaKz"
          >
            Update information
          </h3>
          <form
            class="sc-gKAaef fefJbB"
          >
            <div
              class="sc-fujznN ioyvGl"
              direction="horizontal"
            >
              <label
                class="sc-pNWRh gSLqll"
              >
                Email:
              </label>
              <div>
                <input
                  class="sc-eCAqax bNAfHQ"
                  id="email"
                  readonly=""
                  type="text"
                />
              </div>
            </div>
            <div
              class="sc-fujznN ioyvGl"
              direction="horizontal"
            >
              <label
                class="sc-pNWRh gSLqll"
              >
                Full Name:
              </label>
              <div>
                <input
                  class="sc-eCAqax bNAfHQ"
                  id="fullName"
                  name="fullName"
                  type="text"
                />
              </div>
            </div>
            <div
              class="sc-iCoHzw jMTsfU"
            >
              <button
                class="sc-jSFipO sc-kEqXeH fQJaue bcOLTW"
                name="submit"
                type="submit"
                variations="primary"
              >
                Update account
              </button>
            </div>
          </form>
        </div>
        <div
          class="sc-hKFymg iUYoZl"
        >
          <h3
            class="sc-gtsqUy fkdaKz"
          >
            Update password
          </h3>
          <form
            class="sc-gKAaef fefJbB"
          >
            <div
              class="sc-fujznN ioyvGl"
              direction="horizontal"
            >
              <label
                class="sc-pNWRh gSLqll"
              >
                Password:
              </label>
              <div>
                <input
                  class="sc-eCAqax bNAfHQ"
                  id="password"
                  name="password"
                  type="password"
                />
              </div>
            </div>
            <div
              class="sc-fujznN ioyvGl"
              direction="horizontal"
            >
              <label
                class="sc-pNWRh gSLqll"
              >
                Confirm Password:
              </label>
              <div>
                <input
                  class="sc-eCAqax bNAfHQ"
                  id="confirmPassword"
                  name="confirmPassword"
                  type="password"
                />
              </div>
            </div>
            <div
              class="sc-iCoHzw jMTsfU"
            >
              <button
                class="sc-jSFipO sc-kEqXeH fQJaue bcOLTW"
                name="submit"
                type="submit"
                variations="primary"
              >
                Update password
              </button>
            </div>
          </form>
        </div>
      </div>
    </div>
  </body>,
  "container": <div>
    <div
      class="sc-dlniIP jaPwYJ"
    >
      <h2
        class="sc-bdnyFh gafMEQ"
      >
        Update account
      </h2>
      <div
        class="sc-hKFymg iUYoZl"
      >
        <h3
          class="sc-gtsqUy fkdaKz"
        >
          Update information
        </h3>
        <form
          class="sc-gKAaef fefJbB"
        >
          <div
            class="sc-fujznN ioyvGl"
            direction="horizontal"
          >
            <label
              class="sc-pNWRh gSLqll"
            >
              Email:
            </label>
            <div>
              <input
                class="sc-eCAqax bNAfHQ"
                id="email"
                readonly=""
                type="text"
              />
            </div>
          </div>
          <div
            class="sc-fujznN ioyvGl"
            direction="horizontal"
          >
            <label
              class="sc-pNWRh gSLqll"
            >
              Full Name:
            </label>
            <div>
              <input
                class="sc-eCAqax bNAfHQ"
                id="fullName"
                name="fullName"
                type="text"
              />
            </div>
          </div>
          <div
            class="sc-iCoHzw jMTsfU"
          >
            <button
              class="sc-jSFipO sc-kEqXeH fQJaue bcOLTW"
              name="submit"
              type="submit"
              variations="primary"
            >
              Update account
            </button>
          </div>
        </form>
      </div>
      <div
        class="sc-hKFymg iUYoZl"
      >
        <h3
          class="sc-gtsqUy fkdaKz"
        >
          Update password
        </h3>
        <form
          class="sc-gKAaef fefJbB"
        >
          <div
            class="sc-fujznN ioyvGl"
            direction="horizontal"
          >
            <label
              class="sc-pNWRh gSLqll"
            >
              Password:
            </label>
            <div>
              <input
                class="sc-eCAqax bNAfHQ"
                id="password"
                name="password"
                type="password"
              />
            </div>
          </div>
          <div
            class="sc-fujznN ioyvGl"
            direction="horizontal"
          >
            <label
              class="sc-pNWRh gSLqll"
            >
              Confirm Password:
            </label>
            <div>
              <input
                class="sc-eCAqax bNAfHQ"
                id="confirmPassword"
                name="confirmPassword"
                type="password"
              />
            </div>
          </div>
          <div
            class="sc-iCoHzw jMTsfU"
          >
            <button
              class="sc-jSFipO sc-kEqXeH fQJaue bcOLTW"
              name="submit"
              type="submit"
              variations="primary"
            >
              Update password
            </button>
          </div>
        </form>
      </div>
    </div>
  </div>,
  "debug": [Function],
  "findAllByAltText": [Function],
  "findAllByDisplayValue": [Function],
  "findAllByLabelText": [Function],
  "findAllByPlaceholderText": [Function],
  "findAllByRole": [Function],
  "findAllByTestId": [Function],
  "findAllByText": [Function],
  "findAllByTitle": [Function],
  "findByAltText": [Function],
  "findByDisplayValue": [Function],
  "findByLabelText": [Function],
  "findByPlaceholderText": [Function],
  "findByRole": [Function],
  "findByTestId": [Function],
  "findByText": [Function],
  "findByTitle": [Function],
  "getAllByAltText": [Function],
  "getAllByDisplayValue": [Function],
  "getAllByLabelText": [Function],
  "getAllByPlaceholderText": [Function],
  "getAllByRole": [Function],
  "getAllByTestId": [Function],
  "getAllByText": [Function],
  "getAllByTitle": [Function],
  "getByAltText": [Function],
  "getByDisplayValue": [Function],
  "getByLabelText": [Function],
  "getByPlaceholderText": [Function],
  "getByRole": [Function],
  "getByTestId": [Function],
  "getByText": [Function],
  "getByTitle": [Function],
  "queryAllByAltText": [Function],
  "queryAllByDisplayValue": [Function],
  "queryAllByLabelText": [Function],
  "queryAllByPlaceholderText": [Function],
  "queryAllByRole": [Function],
  "queryAllByTestId": [Function],
  "queryAllByText": [Function],
  "queryAllByTitle": [Function],
  "queryByAltText": [Function],
  "queryByDisplayValue": [Function],
  "queryByLabelText": [Function],
  "queryByPlaceholderText": [Function],
  "queryByRole": [Function],
  "queryByTestId": [Function],
  "queryByText": [Function],
  "queryByTitle": [Function],
  "rerender": [Function],
  "unmount": [Function],
}
`;
