// Jest Snapshot v1, https://goo.gl/fbAQLP

exports[`UserRow Should render correctly 1`] = `
{
  "asFragment": [Function],
  "baseElement": <body>
    <div>
      <div
        class="sc-jSFipO sc-iCoHzw hTfHNc eWZMfB"
      >
        <div>
          1
        </div>
        <div>
          Temp Room
        </div>
        <div>
          0324421232
        </div>
        <div>
          No
        </div>
        <div>
          <div
            class="sc-kEqXeH jLboIv"
          >
            <button
              aria-label="Menu item 1"
              class="sc-crzpnZ gdsCet"
            >
              <svg
                aria-hidden="true"
                fill="currentColor"
                height="1em"
                stroke="currentColor"
                stroke-width="0"
                viewBox="0 0 24 24"
                width="1em"
                xmlns="http://www.w3.org/2000/svg"
              >
                <path
                  clip-rule="evenodd"
                  d="M10.5 6a1.5 1.5 0 113 0 1.5 1.5 0 01-3 0zm0 6a1.5 1.5 0 113 0 1.5 1.5 0 01-3 0zm0 6a1.5 1.5 0 113 0 1.5 1.5 0 01-3 0z"
                  fill-rule="evenodd"
                />
              </svg>
            </button>
          </div>
        </div>
      </div>
    </div>
  </body>,
  "container": <div>
    <div
      class="sc-jSFipO sc-iCoHzw hTfHNc eWZMfB"
    >
      <div>
        1
      </div>
      <div>
        Temp Room
      </div>
      <div>
        0324421232
      </div>
      <div>
        No
      </div>
      <div>
        <div
          class="sc-kEqXeH jLboIv"
        >
          <button
            aria-label="Menu item 1"
            class="sc-crzpnZ gdsCet"
          >
            <svg
              aria-hidden="true"
              fill="currentColor"
              height="1em"
              stroke="currentColor"
              stroke-width="0"
              viewBox="0 0 24 24"
              width="1em"
              xmlns="http://www.w3.org/2000/svg"
            >
              <path
                clip-rule="evenodd"
                d="M10.5 6a1.5 1.5 0 113 0 1.5 1.5 0 01-3 0zm0 6a1.5 1.5 0 113 0 1.5 1.5 0 01-3 0zm0 6a1.5 1.5 0 113 0 1.5 1.5 0 01-3 0z"
                fill-rule="evenodd"
              />
            </svg>
          </button>
        </div>
      </div>
    </div>
  </div>,
  "debug": [Function],
  "findAllByAltText": [Function],
  "findAllByDisplayValue": [Function],
  "findAllByLabelText": [Function],
  "findAllByPlaceholderText": [Function],
  "findAllByRole": [Function],
  "findAllByTestId": [Function],
  "findAllByText": [Function],
  "findAllByTitle": [Function],
  "findByAltText": [Function],
  "findByDisplayValue": [Function],
  "findByLabelText": [Function],
  "findByPlaceholderText": [Function],
  "findByRole": [Function],
  "findByTestId": [Function],
  "findByText": [Function],
  "findByTitle": [Function],
  "getAllByAltText": [Function],
  "getAllByDisplayValue": [Function],
  "getAllByLabelText": [Function],
  "getAllByPlaceholderText": [Function],
  "getAllByRole": [Function],
  "getAllByTestId": [Function],
  "getAllByText": [Function],
  "getAllByTitle": [Function],
  "getByAltText": [Function],
  "getByDisplayValue": [Function],
  "getByLabelText": [Function],
  "getByPlaceholderText": [Function],
  "getByRole": [Function],
  "getByTestId": [Function],
  "getByText": [Function],
  "getByTitle": [Function],
  "queryAllByAltText": [Function],
  "queryAllByDisplayValue": [Function],
  "queryAllByLabelText": [Function],
  "queryAllByPlaceholderText": [Function],
  "queryAllByRole": [Function],
  "queryAllByTestId": [Function],
  "queryAllByText": [Function],
  "queryAllByTitle": [Function],
  "queryByAltText": [Function],
  "queryByDisplayValue": [Function],
  "queryByLabelText": [Function],
  "queryByPlaceholderText": [Function],
  "queryByRole": [Function],
  "queryByTestId": [Function],
  "queryByText": [Function],
  "queryByTitle": [Function],
  "rerender": [Function],
  "unmount": [Function],
}
`;
