// Jest Snapshot v1, https://goo.gl/fbAQLP

exports[`LoginForm Component Should render correctly 1`] = `
{
  "asFragment": [Function],
  "baseElement": <body>
    <div>
      <div
        class="sc-jrsKJM kJxxfd"
      >
        <form
          class="sc-gtsqUy jMGskL"
        >
          <div
            class="sc-hKFymg jzIDWp"
            direction="vertical"
          >
            <label
              class="sc-eCAqax dnXnhF"
            >
              Email:
            </label>
            <div>
              <input
                class="sc-kEqXeH jhZfUU"
                id="email"
                name="email"
                type="text"
              />
            </div>
          </div>
          <div
            class="sc-hKFymg jzIDWp"
            direction="vertical"
          >
            <label
              class="sc-eCAqax dnXnhF"
            >
              Password:
            </label>
            <div>
              <input
                class="sc-kEqXeH jhZfUU"
                id="password"
                name="password"
                type="password"
              />
            </div>
          </div>
          <button
            class="sc-bdnyFh bEtbaY"
            type="submit"
            variations="primary"
          >
            Login
          </button>
        </form>
      </div>
    </div>
  </body>,
  "container": <div>
    <div
      class="sc-jrsKJM kJxxfd"
    >
      <form
        class="sc-gtsqUy jMGskL"
      >
        <div
          class="sc-hKFymg jzIDWp"
          direction="vertical"
        >
          <label
            class="sc-eCAqax dnXnhF"
          >
            Email:
          </label>
          <div>
            <input
              class="sc-kEqXeH jhZfUU"
              id="email"
              name="email"
              type="text"
            />
          </div>
        </div>
        <div
          class="sc-hKFymg jzIDWp"
          direction="vertical"
        >
          <label
            class="sc-eCAqax dnXnhF"
          >
            Password:
          </label>
          <div>
            <input
              class="sc-kEqXeH jhZfUU"
              id="password"
              name="password"
              type="password"
            />
          </div>
        </div>
        <button
          class="sc-bdnyFh bEtbaY"
          type="submit"
          variations="primary"
        >
          Login
        </button>
      </form>
    </div>
  </div>,
  "debug": [Function],
  "findAllByAltText": [Function],
  "findAllByDisplayValue": [Function],
  "findAllByLabelText": [Function],
  "findAllByPlaceholderText": [Function],
  "findAllByRole": [Function],
  "findAllByTestId": [Function],
  "findAllByText": [Function],
  "findAllByTitle": [Function],
  "findByAltText": [Function],
  "findByDisplayValue": [Function],
  "findByLabelText": [Function],
  "findByPlaceholderText": [Function],
  "findByRole": [Function],
  "findByTestId": [Function],
  "findByText": [Function],
  "findByTitle": [Function],
  "getAllByAltText": [Function],
  "getAllByDisplayValue": [Function],
  "getAllByLabelText": [Function],
  "getAllByPlaceholderText": [Function],
  "getAllByRole": [Function],
  "getAllByTestId": [Function],
  "getAllByText": [Function],
  "getAllByTitle": [Function],
  "getByAltText": [Function],
  "getByDisplayValue": [Function],
  "getByLabelText": [Function],
  "getByPlaceholderText": [Function],
  "getByRole": [Function],
  "getByTestId": [Function],
  "getByText": [Function],
  "getByTitle": [Function],
  "queryAllByAltText": [Function],
  "queryAllByDisplayValue": [Function],
  "queryAllByLabelText": [Function],
  "queryAllByPlaceholderText": [Function],
  "queryAllByRole": [Function],
  "queryAllByTestId": [Function],
  "queryAllByText": [Function],
  "queryAllByTitle": [Function],
  "queryByAltText": [Function],
  "queryByDisplayValue": [Function],
  "queryByLabelText": [Function],
  "queryByPlaceholderText": [Function],
  "queryByRole": [Function],
  "queryByTestId": [Function],
  "queryByText": [Function],
  "queryByTitle": [Function],
  "rerender": [Function],
  "unmount": [Function],
}
`;
