// Jest Snapshot v1, https://goo.gl/fbAQLP

exports[`Message Should render correctly 1`] = `
<p
  className="sc-bdnyFh fIKUZt"
>
  This is a message!
</p>
`;
