// Jest Snapshot v1, https://goo.gl/fbAQLP

exports[`Modal Should render correctly 1`] = `
<button
  className="sc-eCAqax iNUTro"
  onClick={[Function]}
  variations="primary"
>
  Add room
</button>
`;
